1 + 1
2

3 - 2
1

4 * 4
16

10 / 3
3

10 % 3
1

10 / -2
-5
16 >> 1
8
-16 >> 1
-8
4 << 2
16
5 & 3
1
5 | 3
7
5 ^ 3
6
-x
-3
3.2 + 1
4.2
1 + 3.2
4.2
3.2 + 3.2
6.4
3.2 * 1
3.2
1 * 3.2
3.2
3.2 * 3.2
10.24
3.2 / 1
3.2
10 / 2.5
4
3.2 / 3.2
1
true and true
1
true and false
0
true or false
1
not false
1
1.0 == 1.0
1
1.0 != 1.0
0
1 == 1.0
1
1 != 1.0
0
true == true
1
true != true
0
"test" == "test"
1
"test" == "test1"
0
"test" != "test"
0
"test" != "test1"
1
1 == 1
1
1 != 1
0
1 == 2
0
1 != 2
1
1 < 2
1
1 < 1
0
1 <= 2
1
1 >= 2
0
2 > 1
1
1 > 2
0
2.1 > 2
1
2.1 >= 2
1
2.1 < 2
0
2.1 <= 2
0
2.1 <= 2.1
1
2.1 >= 2.1
1
2.1 == 2.1
1
2.0 == 2
1
