22
6.5
Phila
Green
Some random color lol ahahhaa you thought you ate
