Fatal error: exception Failure("illegal unary operator not int in not x")
