Fatal error: exception Failure("main function args or return type incorrect")
